// Jest Snapshot v1, https://goo.gl/fbAQLP

exports[`main App component should render correctly in "debug" mode 1`] = `
<div
  className="App"
>
  <header
    className="App-header"
  >
    <p>
      Hello Vite + React!
    </p>
    <p>
      <button
        onClick={[Function]}
      >
        count is: 
        0
      </button>
    </p>
    <p>
      Edit 
      <code>
        App.tsx
      </code>
       and save to test HMR updates.
    </p>
    <p>
      <a
        className="App-link"
        href="https://reactjs.org"
        rel="noopener noreferrer"
        target="_blank"
      >
        Learn React
      </a>
       | 
      <a
        className="App-link"
        href="https://vitejs.dev/guide/features.html"
        rel="noopener noreferrer"
        target="_blank"
      >
        Vite Docs
      </a>
    </p>
  </header>
</div>
`;
